// Jest Snapshot v1, https://goo.gl/fbAQLP

exports[`Login Page should have a link to signup page 1`] = `
<div
  aria-label="Sign Up Link"
>
  <p>
    New to Scratch?
  </p>
  <button
    class="btn btn--text"
    type="button"
  >
    Sign Up!
  </button>
</div>
`;

exports[`Login Page should have banner section 1`] = `
<div
  aria-label="Banner"
  class="banner"
>
  <div
    style="display: block; overflow: hidden; position: absolute; top: 0px; left: 0px; bottom: 0px; right: 0px; box-sizing: border-box; margin: 0px;"
  >
    <noscript />
    <img
      alt="Logo"
      decoding="async"
      src="data:image/gif;base64,R0lGODlhAQABAIAAAAAAAP///yH5BAEAAAAALAAAAAABAAEAAAIBRAA7"
      style="position: absolute; top: 0px; left: 0px; bottom: 0px; right: 0px; box-sizing: border-box; padding: 0px; margin: auto; display: block; width: 0px; height: 0px; min-width: 100%; max-width: 100%; min-height: 100%; max-height: 100%;"
    />
  </div>
  <h1
    aria-label="Banner Header"
    class="banner__header"
  >
    Welcome Back!
  </h1>
  <div
    style="display: block; overflow: hidden; position: absolute; top: 0px; left: 0px; bottom: 0px; right: 0px; box-sizing: border-box; margin: 0px;"
  >
    <noscript />
    <img
      alt="Banner Image"
      decoding="async"
      src="data:image/gif;base64,R0lGODlhAQABAIAAAAAAAP///yH5BAEAAAAALAAAAAABAAEAAAIBRAA7"
      style="position: absolute; top: 0px; left: 0px; bottom: 0px; right: 0px; box-sizing: border-box; padding: 0px; margin: auto; display: block; width: 0px; height: 0px; min-width: 100%; max-width: 100%; min-height: 100%; max-height: 100%;"
    />
  </div>
</div>
`;

exports[`Login Page should have login form 1`] = `
<form
  aria-label="Login Form"
>
  <div
    class="container"
  >
    <div
      class="container__content"
    >
      <label
        for="username"
      >
        Username
      </label>
      Forgot Password
    </div>
    <input
      name="username"
      type="text"
      value=""
    />
    <p
      aria-label="Username error message"
    />
  </div>
  <div
    class="container"
  >
    <div
      class="container__content"
    >
      <label
        for="password"
      >
        Password
      </label>
    </div>
    <input
      name="password"
      type="text"
      value=""
    />
    <p
      aria-label="Password error message"
    />
  </div>
  <button
    class="btn btn--solid"
    type="submit"
  >
    Login
  </button>
</form>
`;

exports[`Login Page should show errors for submitting form with empty inputs 1`] = `
<button
  class="btn btn--solid"
  type="submit"
>
  Login
</button>
`;
